Resolving dependencies...
Downloading packages...
  characters 1.4.0 (1.4.1 available)
  flutter_lints 5.0.0 (6.0.0 available)
  lints 5.1.1 (6.0.0 available)
  matcher 0.12.17 (0.12.18 available)
  material_color_utilities 0.11.1 (0.13.0 available)
  meta 1.16.0 (1.17.0 available)
  test_api 0.7.6 (0.7.8 available)
Got dependencies!
7 packages have newer versions incompatible with dependency constraints.
Try `flutter pub outdated` for more information.
Running Gradle task 'assembleRelease'...                        
Font asset "MaterialIcons-Regular.otf" was tree-shaken, reducing it from 1645184 to 1588 bytes (99.9% reduction). Tree-shaking can be disabled by providing the --no-tree-shake-icons flag when building your app.
Note: C:\Users\Alex\AppData\Local\Pub\Cache\hosted\pub.dev\google_mlkit_commons-0.11.0\android\src\main\java\com\google_mlkit_commons\InputImageConverter.java uses unchecked or unsafe operations.
Note: Recompile with -Xlint:unchecked for details.
Note: C:\Users\Alex\AppData\Local\Pub\Cache\hosted\pub.dev\google_mlkit_face_detection-0.13.1\android\src\main\java\com\google_mlkit_face_detection\FaceDetector.java uses unchecked or unsafe operations.
Note: Recompile with -Xlint:unchecked for details.
e: Daemon compilation failed: null
java.lang.Exception
	at org.jetbrains.kotlin.daemon.common.CompileService$CallResult$Error.get(CompileService.kt:69)
	at org.jetbrains.kotlin.daemon.common.CompileService$CallResult$Error.get(CompileService.kt:65)
	at org.jetbrains.kotlin.compilerRunner.GradleKotlinCompilerWork.compileWithDaemon(GradleKotlinCompilerWork.kt:240)
	at org.jetbrains.kotlin.compilerRunner.GradleKotlinCompilerWork.compileWithDaemonOrFallbackImpl(GradleKotlinCompilerWork.kt:159)
	at org.jetbrains.kotlin.compilerRunner.GradleKotlinCompilerWork.run(GradleKotlinCompilerWork.kt:111)
	at org.jetbrains.kotlin.compilerRunner.GradleCompilerRunnerWithWorkers$GradleKotlinCompilerWorkAction.execute(GradleCompilerRunnerWithWorkers.kt:76)
	at org.gradle.workers.internal.DefaultWorkerServer.execute(DefaultWorkerServer.java:63)
	at org.gradle.workers.internal.NoIsolationWorkerFactory$1$1.create(NoIsolationWorkerFactory.java:66)
	at org.gradle.workers.internal.NoIsolationWorkerFactory$1$1.create(NoIsolationWorkerFactory.java:62)
	at org.gradle.internal.classloader.ClassLoaderUtils.executeInClassloader(ClassLoaderUtils.java:100)
	at org.gradle.workers.internal.NoIsolationWorkerFactory$1.lambda$execute$0(NoIsolationWorkerFactory.java:62)
	at org.gradle.workers.internal.AbstractWorker$1.call(AbstractWorker.java:44)
	at org.gradle.workers.internal.AbstractWorker$1.call(AbstractWorker.java:41)
	at org.gradle.internal.operations.DefaultBuildOperationRunner$CallableBuildOperationWorker.execute(DefaultBuildOperationRunner.java:209)
	at org.gradle.internal.operations.DefaultBuildOperationRunner$CallableBuildOperationWorker.execute(DefaultBuildOperationRunner.java:204)
	at org.gradle.internal.operations.DefaultBuildOperationRunner$2.execute(DefaultBuildOperationRunner.java:66)
	at org.gradle.internal.operations.DefaultBuildOperationRunner$2.execute(DefaultBuildOperationRunner.java:59)
	at org.gradle.internal.operations.DefaultBuildOperationRunner.execute(DefaultBuildOperationRunner.java:166)
	at org.gradle.internal.operations.DefaultBuildOperationRunner.execute(DefaultBuildOperationRunner.java:59)
	at org.gradle.internal.operations.DefaultBuildOperationRunner.call(DefaultBuildOperationRunner.java:53)
	at org.gradle.workers.internal.AbstractWorker.executeWrappedInBuildOperation(AbstractWorker.java:41)
	at org.gradle.workers.internal.NoIsolationWorkerFactory$1.execute(NoIsolationWorkerFactory.java:59)
	at org.gradle.workers.internal.DefaultWorkerExecutor.lambda$submitWork$0(DefaultWorkerExecutor.java:174)
	at java.base/java.util.concurrent.FutureTask.run(Unknown Source)
	at org.gradle.internal.work.DefaultConditionalExecutionQueue$ExecutionRunner.runExecution(DefaultConditionalExecutionQueue.java:194)
	at org.gradle.internal.work.DefaultConditionalExecutionQueue$ExecutionRunner.access$700(DefaultConditionalExecutionQueue.java:127)
	at org.gradle.internal.work.DefaultConditionalExecutionQueue$ExecutionRunner$1.run(DefaultConditionalExecutionQueue.java:169)
	at org.gradle.internal.Factories$1.create(Factories.java:31)
	at org.gradle.internal.work.DefaultWorkerLeaseService.withLocks(DefaultWorkerLeaseService.java:263)
	at org.gradle.internal.work.DefaultWorkerLeaseService.runAsWorkerThread(DefaultWorkerLeaseService.java:127)
	at org.gradle.internal.work.DefaultWorkerLeaseService.runAsWorkerThread(DefaultWorkerLeaseService.java:132)
	at org.gradle.internal.work.DefaultConditionalExecutionQueue$ExecutionRunner.runBatch(DefaultConditionalExecutionQueue.java:164)
	at org.gradle.internal.work.DefaultConditionalExecutionQueue$ExecutionRunner.run(DefaultConditionalExecutionQueue.java:133)
	at java.base/java.util.concurrent.Executors$RunnableAdapter.call(Unknown Source)
	at java.base/java.util.concurrent.FutureTask.run(Unknown Source)
	at org.gradle.internal.concurrent.ExecutorPolicy$CatchAndRecordFailures.onExecute(ExecutorPolicy.java:64)
	at org.gradle.internal.concurrent.AbstractManagedExecutor$1.run(AbstractManagedExecutor.java:48)
	at java.base/java.util.concurrent.ThreadPoolExecutor.runWorker(Unknown Source)
	at java.base/java.util.concurrent.ThreadPoolExecutor$Worker.run(Unknown Source)
	at java.base/java.lang.Thread.run(Unknown Source)
Caused by: java.lang.AssertionError: java.lang.Exception: Could not close incremental caches in D:\dev\projects\CVapp\flutter_application_1\build\camera_android_camerax\kotlin\compileReleaseKotlin\cacheable\caches-jvm\jvm\kotlin: class-fq-name-to-source.tab, source-to-classes.tab, internal-name-to-source.tab
	at org.jetbrains.kotlin.com.google.common.io.Closer.close(Closer.java:236)
	at org.jetbrains.kotlin.incremental.IncrementalCachesManager.close(IncrementalCachesManager.kt:55)
	at kotlin.io.CloseableKt.closeFinally(Closeable.kt:56)
	at org.jetbrains.kotlin.incremental.IncrementalCompilerRunner.compileNonIncrementally(IncrementalCompilerRunner.kt:293)
	at org.jetbrains.kotlin.incremental.IncrementalCompilerRunner.compile(IncrementalCompilerRunner.kt:129)
	at org.jetbrains.kotlin.daemon.CompileServiceImplBase.execIncrementalCompiler(CompileServiceImpl.kt:674)
	at org.jetbrains.kotlin.daemon.CompileServiceImplBase.access$execIncrementalCompiler(CompileServiceImpl.kt:91)
	at org.jetbrains.kotlin.daemon.CompileServiceImpl.compile(CompileServiceImpl.kt:1659)
	at java.base/jdk.internal.reflect.DirectMethodHandleAccessor.invoke(Unknown Source)
	at java.base/java.lang.reflect.Method.invoke(Unknown Source)
	at java.rmi/sun.rmi.server.UnicastServerRef.dispatch(Unknown Source)
	at java.rmi/sun.rmi.transport.Transport$1.run(Unknown Source)
	at java.rmi/sun.rmi.transport.Transport$1.run(Unknown Source)
	at java.base/java.security.AccessController.doPrivileged(Unknown Source)
	at java.rmi/sun.rmi.transport.Transport.serviceCall(Unknown Source)
	at java.rmi/sun.rmi.transport.tcp.TCPTransport.handleMessages(Unknown Source)
	at java.rmi/sun.rmi.transport.tcp.TCPTransport$ConnectionHandler.run0(Unknown Source)
	at java.rmi/sun.rmi.transport.tcp.TCPTransport$ConnectionHandler.lambda$run$0(Unknown Source)
	at java.base/java.security.AccessController.doPrivileged(Unknown Source)
	at java.rmi/sun.rmi.transport.tcp.TCPTransport$ConnectionHandler.run(Unknown Source)
	... 3 more
Caused by: java.lang.Exception: Could not close incremental caches in D:\dev\projects\CVapp\flutter_application_1\build\camera_android_camerax\kotlin\compileReleaseKotlin\cacheable\caches-jvm\jvm\kotlin: class-fq-name-to-source.tab, source-to-classes.tab, internal-name-to-source.tab
	at org.jetbrains.kotlin.incremental.storage.BasicMapsOwner.forEachMapSafe(BasicMapsOwner.kt:95)
	at org.jetbrains.kotlin.incremental.storage.BasicMapsOwner.close(BasicMapsOwner.kt:53)
	at org.jetbrains.kotlin.com.google.common.io.Closer.close(Closer.java:223)
	... 22 more
	Suppressed: java.lang.IllegalArgumentException: this and base files have different roots: C:\Users\Alex\AppData\Local\Pub\Cache\hosted\pub.dev\camera_android_camerax-0.6.26+2\android\src\main\java\io\flutter\plugins\camerax\CameraXLibrary.g.kt and D:\dev\projects\CVapp\flutter_application_1\android.
		at kotlin.io.FilesKt__UtilsKt.toRelativeString(Utils.kt:117)
		at kotlin.io.FilesKt__UtilsKt.relativeTo(Utils.kt:128)
		at org.jetbrains.kotlin.incremental.storage.RelocatableFileToPathConverter.toPath(RelocatableFileToPathConverter.kt:24)
		at org.jetbrains.kotlin.incremental.storage.FileDescriptor.save(FileToPathConverter.kt:33)
		at org.jetbrains.kotlin.incremental.storage.FileDescriptor.save(FileToPathConverter.kt:30)
		at org.jetbrains.kotlin.com.intellij.util.io.PersistentMapImpl.doPut(PersistentMapImpl.java:443)
		at org.jetbrains.kotlin.com.intellij.util.io.PersistentMapImpl.put(PersistentMapImpl.java:422)
		at org.jetbrains.kotlin.com.intellij.util.io.PersistentHashMap.put(PersistentHashMap.java:105)
		at org.jetbrains.kotlin.incremental.storage.LazyStorage.set(LazyStorage.kt:80)
		at org.jetbrains.kotlin.incremental.storage.InMemoryStorage.applyChanges(InMemoryStorage.kt:108)
		at org.jetbrains.kotlin.incremental.storage.InMemoryStorage.close(InMemoryStorage.kt:136)
		at org.jetbrains.kotlin.incremental.storage.PersistentStorageWrapper.close(PersistentStorage.kt:124)
		at org.jetbrains.kotlin.incremental.storage.BasicMapsOwner$close$1.invoke(BasicMapsOwner.kt:53)
		at org.jetbrains.kotlin.incremental.storage.BasicMapsOwner$close$1.invoke(BasicMapsOwner.kt:53)
		at org.jetbrains.kotlin.incremental.storage.BasicMapsOwner.forEachMapSafe(BasicMapsOwner.kt:87)
		... 24 more
	Suppressed: java.lang.IllegalArgumentException: this and base files have different roots: C:\Users\Alex\AppData\Local\Pub\Cache\hosted\pub.dev\camera_android_camerax-0.6.26+2\android\src\main\java\io\flutter\plugins\camerax\CameraXLibrary.g.kt and D:\dev\projects\CVapp\flutter_application_1\android.
		at kotlin.io.FilesKt__UtilsKt.toRelativeString(Utils.kt:117)
		at kotlin.io.FilesKt__UtilsKt.relativeTo(Utils.kt:128)
		at org.jetbrains.kotlin.incremental.storage.RelocatableFileToPathConverter.toPath(RelocatableFileToPathConverter.kt:24)
		at org.jetbrains.kotlin.incremental.storage.FileDescriptor.getHashCode(FileToPathConverter.kt:50)
		at org.jetbrains.kotlin.incremental.storage.FileDescriptor.getHashCode(FileToPathConverter.kt:30)
		at org.jetbrains.kotlin.com.intellij.util.containers.LinkedCustomHashMap.hashKey(LinkedCustomHashMap.java:109)
		at org.jetbrains.kotlin.com.intellij.util.containers.LinkedCustomHashMap.remove(LinkedCustomHashMap.java:153)
		at org.jetbrains.kotlin.com.intellij.util.containers.SLRUMap.remove(SLRUMap.java:89)
		at org.jetbrains.kotlin.com.intellij.util.io.PersistentMapImpl.flushAppendCache(PersistentMapImpl.java:999)
		at org.jetbrains.kotlin.com.intellij.util.io.PersistentMapImpl.doPut(PersistentMapImpl.java:451)
		at org.jetbrains.kotlin.com.intellij.util.io.PersistentMapImpl.put(PersistentMapImpl.java:422)
		at org.jetbrains.kotlin.com.intellij.util.io.PersistentHashMap.put(PersistentHashMap.java:105)
		at org.jetbrains.kotlin.incremental.storage.LazyStorage.set(LazyStorage.kt:80)
		at org.jetbrains.kotlin.incremental.storage.InMemoryStorage.applyChanges(InMemoryStorage.kt:108)
		at org.jetbrains.kotlin.incremental.storage.AppendableInMemoryStorage.applyChanges(InMemoryStorage.kt:179)
		at org.jetbrains.kotlin.incremental.storage.InMemoryStorage.close(InMemoryStorage.kt:136)
		at org.jetbrains.kotlin.incremental.storage.AppendableSetBasicMap.close(BasicMap.kt:157)
		at org.jetbrains.kotlin.incremental.storage.BasicMapsOwner$close$1.invoke(BasicMapsOwner.kt:53)
		at org.jetbrains.kotlin.incremental.storage.BasicMapsOwner$close$1.invoke(BasicMapsOwner.kt:53)
		at org.jetbrains.kotlin.incremental.storage.BasicMapsOwner.forEachMapSafe(BasicMapsOwner.kt:87)
		... 24 more
	Suppressed: java.lang.IllegalArgumentException: this and base files have different roots: C:\Users\Alex\AppData\Local\Pub\Cache\hosted\pub.dev\camera_android_camerax-0.6.26+2\android\src\main\java\io\flutter\plugins\camerax\CameraXLibrary.g.kt and D:\dev\projects\CVapp\flutter_application_1\android.
		at kotlin.io.FilesKt__UtilsKt.toRelativeString(Utils.kt:117)
		at kotlin.io.FilesKt__UtilsKt.relativeTo(Utils.kt:128)
		at org.jetbrains.kotlin.incremental.storage.RelocatableFileToPathConverter.toPath(RelocatableFileToPathConverter.kt:24)
		at org.jetbrains.kotlin.incremental.storage.FileDescriptor.save(FileToPathConverter.kt:33)
		at org.jetbrains.kotlin.incremental.storage.FileDescriptor.save(FileToPathConverter.kt:30)
		at org.jetbrains.kotlin.incremental.storage.AppendableCollectionExternalizer.save(LazyStorage.kt:151)
		at org.jetbrains.kotlin.incremental.storage.AppendableCollectionExternalizer.save(LazyStorage.kt:142)
		at org.jetbrains.kotlin.com.intellij.util.io.PersistentMapImpl.doPut(PersistentMapImpl.java:443)
		at org.jetbrains.kotlin.com.intellij.util.io.PersistentMapImpl.put(PersistentMapImpl.java:422)
		at org.jetbrains.kotlin.com.intellij.util.io.PersistentHashMap.put(PersistentHashMap.java:105)
		at org.jetbrains.kotlin.incremental.storage.LazyStorage.set(LazyStorage.kt:80)
		at org.jetbrains.kotlin.incremental.storage.InMemoryStorage.applyChanges(InMemoryStorage.kt:108)
		at org.jetbrains.kotlin.incremental.storage.AppendableInMemoryStorage.applyChanges(InMemoryStorage.kt:179)
		at org.jetbrains.kotlin.incremental.storage.InMemoryStorage.close(InMemoryStorage.kt:136)
		at org.jetbrains.kotlin.incremental.storage.PersistentStorageWrapper.close(PersistentStorage.kt:124)
		at org.jetbrains.kotlin.incremental.storage.BasicMapsOwner$close$1.invoke(BasicMapsOwner.kt:53)
		at org.jetbrains.kotlin.incremental.storage.BasicMapsOwner$close$1.invoke(BasicMapsOwner.kt:53)
		at org.jetbrains.kotlin.incremental.storage.BasicMapsOwner.forEachMapSafe(BasicMapsOwner.kt:87)
		... 24 more
	Suppressed: java.lang.Exception: Could not close incremental caches in D:\dev\projects\CVapp\flutter_application_1\build\camera_android_camerax\kotlin\compileReleaseKotlin\cacheable\caches-jvm\lookups: id-to-file.tab, file-to-id.tab
		at org.jetbrains.kotlin.incremental.storage.BasicMapsOwner.forEachMapSafe(BasicMapsOwner.kt:95)
		at org.jetbrains.kotlin.incremental.storage.BasicMapsOwner.close(BasicMapsOwner.kt:53)
		at org.jetbrains.kotlin.incremental.LookupStorage.close(LookupStorage.kt:155)
		... 23 more
		Suppressed: java.lang.IllegalArgumentException: this and base files have different roots: C:\Users\Alex\AppData\Local\Pub\Cache\hosted\pub.dev\camera_android_camerax-0.6.26+2\android\src\main\java\io\flutter\plugins\camerax\CameraXLibrary.g.kt and D:\dev\projects\CVapp\flutter_application_1\android.
			at kotlin.io.FilesKt__UtilsKt.toRelativeString(Utils.kt:117)
			at kotlin.io.FilesKt__UtilsKt.relativeTo(Utils.kt:128)
			at org.jetbrains.kotlin.incremental.storage.RelocatableFileToPathConverter.toPath(RelocatableFileToPathConverter.kt:24)
			at org.jetbrains.kotlin.incremental.storage.LegacyFileExternalizer.save(IdToFileMap.kt:51)
			at org.jetbrains.kotlin.incremental.storage.LegacyFileExternalizer.save(IdToFileMap.kt:48)
			at org.jetbrains.kotlin.com.intellij.util.io.PersistentMapImpl.doPut(PersistentMapImpl.java:443)
			at org.jetbrains.kotlin.com.intellij.util.io.PersistentMapImpl.put(PersistentMapImpl.java:422)
			at org.jetbrains.kotlin.com.intellij.util.io.PersistentHashMap.put(PersistentHashMap.java:105)
			at org.jetbrains.kotlin.incremental.storage.LazyStorage.set(LazyStorage.kt:80)
			at org.jetbrains.kotlin.incremental.storage.InMemoryStorage.applyChanges(InMemoryStorage.kt:108)
			at org.jetbrains.kotlin.incremental.storage.InMemoryStorage.close(InMemoryStorage.kt:136)
			at org.jetbrains.kotlin.incremental.storage.PersistentStorageWrapper.close(PersistentStorage.kt:124)
			at org.jetbrains.kotlin.incremental.storage.BasicMapsOwner$close$1.invoke(BasicMapsOwner.kt:53)
			at org.jetbrains.kotlin.incremental.storage.BasicMapsOwner$close$1.invoke(BasicMapsOwner.kt:53)
			at org.jetbrains.kotlin.incremental.storage.BasicMapsOwner.forEachMapSafe(BasicMapsOwner.kt:87)
			... 25 more
		Suppressed: java.lang.IllegalArgumentException: this and base files have different roots: C:\Users\Alex\AppData\Local\Pub\Cache\hosted\pub.dev\camera_android_camerax-0.6.26+2\android\src\main\java\io\flutter\plugins\camerax\CameraXLibrary.g.kt and D:\dev\projects\CVapp\flutter_application_1\android.
			at kotlin.io.FilesKt__UtilsKt.toRelativeString(Utils.kt:117)
			at kotlin.io.FilesKt__UtilsKt.relativeTo(Utils.kt:128)
			at org.jetbrains.kotlin.incremental.storage.RelocatableFileToPathConverter.toPath(RelocatableFileToPathConverter.kt:24)
			at org.jetbrains.kotlin.incremental.storage.FileDescriptor.getHashCode(FileToPathConverter.kt:50)
			at org.jetbrains.kotlin.incremental.storage.FileDescriptor.getHashCode(FileToPathConverter.kt:30)
			at org.jetbrains.kotlin.com.intellij.util.containers.LinkedCustomHashMap.hashKey(LinkedCustomHashMap.java:109)
			at org.jetbrains.kotlin.com.intellij.util.containers.LinkedCustomHashMap.remove(LinkedCustomHashMap.java:153)
			at org.jetbrains.kotlin.com.intellij.util.containers.SLRUMap.remove(SLRUMap.java:89)
			at org.jetbrains.kotlin.com.intellij.util.io.PersistentMapImpl.flushAppendCache(PersistentMapImpl.java:999)
			at org.jetbrains.kotlin.com.intellij.util.io.PersistentMapImpl.doPut(PersistentMapImpl.java:451)
			at org.jetbrains.kotlin.com.intellij.util.io.PersistentMapImpl.put(PersistentMapImpl.java:422)
			at org.jetbrains.kotlin.com.intellij.util.io.PersistentHashMap.put(PersistentHashMap.java:105)
			at org.jetbrains.kotlin.incremental.storage.LazyStorage.set(LazyStorage.kt:80)
			at org.jetbrains.kotlin.incremental.storage.InMemoryStorage.applyChanges(InMemoryStorage.kt:108)
			at org.jetbrains.kotlin.incremental.storage.InMemoryStorage.close(InMemoryStorage.kt:136)
			at org.jetbrains.kotlin.incremental.storage.PersistentStorageWrapper.close(PersistentStorage.kt:124)
			at org.jetbrains.kotlin.incremental.storage.BasicMapsOwner$close$1.invoke(BasicMapsOwner.kt:53)
			at org.jetbrains.kotlin.incremental.storage.BasicMapsOwner$close$1.invoke(BasicMapsOwner.kt:53)
			at org.jetbrains.kotlin.incremental.storage.BasicMapsOwner.forEachMapSafe(BasicMapsOwner.kt:87)
			... 25 more
	Suppressed: java.lang.Exception: Could not close incremental caches in D:\dev\projects\CVapp\flutter_application_1\build\camera_android_camerax\kotlin\compileReleaseKotlin\cacheable\caches-jvm\inputs: source-to-output.tab
		... 25 more
		Suppressed: java.lang.IllegalArgumentException: this and base files have different roots: C:\Users\Alex\AppData\Local\Pub\Cache\hosted\pub.dev\camera_android_camerax-0.6.26+2\android\src\main\java\io\flutter\plugins\camerax\CameraXLibrary.g.kt and D:\dev\projects\CVapp\flutter_application_1\android.
			at kotlin.io.FilesKt__UtilsKt.toRelativeString(Utils.kt:117)
			at kotlin.io.FilesKt__UtilsKt.relativeTo(Utils.kt:128)
			at org.jetbrains.kotlin.incremental.storage.RelocatableFileToPathConverter.toPath(RelocatableFileToPathConverter.kt:24)
			at org.jetbrains.kotlin.incremental.storage.FileDescriptor.getHashCode(FileToPathConverter.kt:50)
			at org.jetbrains.kotlin.incremental.storage.FileDescriptor.getHashCode(FileToPathConverter.kt:30)
			at org.jetbrains.kotlin.com.intellij.util.containers.LinkedCustomHashMap.hashKey(LinkedCustomHashMap.java:109)
			at org.jetbrains.kotlin.com.intellij.util.containers.LinkedCustomHashMap.remove(LinkedCustomHashMap.java:153)
			at org.jetbrains.kotlin.com.intellij.util.containers.SLRUMap.remove(SLRUMap.java:89)
			at org.jetbrains.kotlin.com.intellij.util.io.PersistentMapImpl.flushAppendCache(PersistentMapImpl.java:999)
			at org.jetbrains.kotlin.com.intellij.util.io.PersistentMapImpl.doPut(PersistentMapImpl.java:451)
			at org.jetbrains.kotlin.com.intellij.util.io.PersistentMapImpl.put(PersistentMapImpl.java:422)
			at org.jetbrains.kotlin.com.intellij.util.io.PersistentHashMap.put(PersistentHashMap.java:105)
			at org.jetbrains.kotlin.incremental.storage.LazyStorage.set(LazyStorage.kt:80)
			at org.jetbrains.kotlin.incremental.storage.InMemoryStorage.applyChanges(InMemoryStorage.kt:108)
			at org.jetbrains.kotlin.incremental.storage.AppendableInMemoryStorage.applyChanges(InMemoryStorage.kt:179)
			at org.jetbrains.kotlin.incremental.storage.InMemoryStorage.close(InMemoryStorage.kt:136)
			at org.jetbrains.kotlin.incremental.storage.AppendableSetBasicMap.close(BasicMap.kt:157)
			at org.jetbrains.kotlin.incremental.storage.BasicMapsOwner$close$1.invoke(BasicMapsOwner.kt:53)
			at org.jetbrains.kotlin.incremental.storage.BasicMapsOwner$close$1.invoke(BasicMapsOwner.kt:53)
			at org.jetbrains.kotlin.incremental.storage.BasicMapsOwner.forEachMapSafe(BasicMapsOwner.kt:87)
			... 24 more

